>> =============================================================
>> OpenBIOS 1.1 [Mar 15 2017 19:38]
>> Configuration device id QEMU version 1 machine id 2
>> CPUs: 1
>> Memory: 128M
>> UUID: 00000000-0000-0000-0000-000000000000
>> CPU type PowerPC,750
milliseconds isn't unique.
Welcome to OpenBIOS v1.1 built on Mar 15 2017 19:38
Trying hd:,\\:tbxi...
Trying hd:,\ppc\bootinfo.txt...
Trying hd:,%BOOT...
>> Not a bootable ELF image
>> switching to new context:
Second-stage QUIK loader
Welcome to quik. mate is good.
Debian GNU/Linux PowerPCchosen/bootargs =
boot:
Linux
initrd imagename = /initrd.img, mem_size: 9043640
initrd_start:
Starting at 510000, , 14876672
OF stdout device is: /pci@80000000/mac-io@3/escc@13000/ch-a@13020
Preparing to boot Linux version 3.16.0-4-powerpc (debian-kernel@lists.debian.org) (gcc version 4.8.4 (Debian 4.8.4-1) ) #1 Debian 3.16.43-2+deb8u3 (2017-08-15)
Detected machine type: 00000400
command line: console=ttyS0,9600 console=tty0
memory layout at init:
  memory_limit : 00000000 (16 MB aligned)
  alloc_bottom : 01bb7000
  alloc_top    : 08000000
  alloc_top_hi : 08000000
  rmo_top      : 08000000
  ram_top      : 08000000
found display   : /pci@80000000/QEMU,VGA@1, opening... done
copying OF device tree...
Building dt strings...
Building dt structure...
Device tree strings 0x01bb8000 -> 0x01bb8580
Device tree struct  0x01bb9000 -> 0x01bbb000
Calling quiesce...
returning from prom_init
Hello World !
[    0.000000] Using PowerMac machine description
[    0.000000] Total memory = 128MB; using 256kB for hash table (at c7fc0000)
[    0.000000] Initializing cgroup subsys cpuset
[    0.000000] Initializing cgroup subsys cpu
[    0.000000] Initializing cgroup subsys cpuacct
[    0.000000] Linux version 3.16.0-4-powerpc (debian-kernel@lists.debian.org) (gcc version 4.8.4 (Debian 4.8.4-1) ) #1 Debian 3.16.43-2+deb8u3 (2017-08-15)
[    0.000000] Found initrd at 0xc0e30000:0xc1bb6d39
[    0.000000] Found a Heathrow mac-io controller, rev: 0, mapped at 0xff780000
[    0.000000] PowerMac motherboard: PowerMac G3 (Silk)
[    0.000000] boot stdout isn't a display !
[    0.000000] bootconsole [udbg0] enabled
setup_arch: bootmem
[    0.000000] Found Grackle (MPC106) PCI host bridge at 0x0000000080000000. Firmware bus number: 0->0
[    0.000000] PCI host bridge /pci@80000000 (primary) ranges:
[    0.000000]   IO 0x00000000fe000000..0x00000000fe7fffff -> 0x0000000000000000
[    0.000000]  MEM 0x00000000fd000000..0x00000000fdffffff -> 0x0000000000000000
[    0.000000]  MEM 0x0000000080000000..0x000000008fffffff -> 0x0000000080000000
[    0.000000] nvram: OF partition at 0x1800
[    0.000000] nvram: XP partition at 0x1300
[    0.000000] nvram: NR partition at 0x1400
arch: exit
[    0.000000] Zone ranges:
[    0.000000]   DMA      [mem 0x00000000-0x07ffffff]
[    0.000000]   Normal   empty
[    0.000000]   HighMem  empty
[    0.000000] Movable zone start for each node
[    0.000000] Early memory node ranges
[    0.000000]   node   0: [mem 0x00000000-0x07ffffff]
[    0.000000] Built 1 zonelists in Zone order, mobility grouping on.  Total pages: 32512
[    0.000000] Kernel command line: root=/dev/sda3 ro
[    0.000000] PID hash table entries: 512 (order: -1, 2048 bytes)
[    0.000000] Dentry cache hash table entries: 16384 (order: 4, 65536 bytes)
[    0.000000] Inode-cache hash table entries: 8192 (order: 3, 32768 bytes)
[    0.000000] Sorting __ex_table...
[    0.000000] Memory: 106884K/131072K available (5156K kernel code, 424K rwdata, 1428K rodata, 404K init, 1403K bss, 24188K reserved, 0K highmem)
[    0.000000] Kernel virtual memory layout:
[    0.000000]   * 0xfffcf000..0xfffff000  : fixmap
[    0.000000]   * 0xff800000..0xffc00000  : highmem PTEs
[    0.000000]   * 0xfef5a000..0xff800000  : early ioremap
[    0.000000]   * 0xc9000000..0xfef5a000  : vmalloc & ioremap
[    0.000000] NR_IRQS:512 nr_irqs:512 16
[    0.000000] irq: Found primary Apple PIC /pci@80000000/mac-io@3 for 64 irqs
[    0.000000] irq: System has 64 possible interrupts
[    0.000000] GMT Delta read from XPRAM: 0 minutes, DST: off
[    0.000539] clocksource: timebase mult[3c0515fa] shift[24] registered
[    0.005124] Console: colour dummy device 80x25
[    0.008860] console [ttyPZ0] enabled
[    0.008860] console [ttyPZ0] enabled
[    0.009201] bootconsole [udbg0] disabled
[    0.009201] bootconsole [udbg0] disabled
[    0.009993] pid_max: default: 32768 minimum: 301
[    0.010593] Security Framework initialized
[    0.013267] AppArmor: AppArmor disabled by boot time parameter
[    0.013430] Yama: disabled by default; enable with sysctl kernel.yama.*
[    0.014384] Mount-cache hash table entries: 1024 (order: 0, 4096 bytes)
[    0.014657] Mountpoint-cache hash table entries: 1024 (order: 0, 4096 bytes)
[    0.022609] Initializing cgroup subsys memory
[    0.023076] Initializing cgroup subsys devices
[    0.023323] Initializing cgroup subsys freezer
[    0.023522] Initializing cgroup subsys net_cls
[    0.023735] Initializing cgroup subsys blkio
[    0.023918] Initializing cgroup subsys perf_event
[    0.024134] Initializing cgroup subsys net_prio
[    0.024635] ftrace: allocating 17987 entries in 53 pages
[    0.121601] devtmpfs: initialized
[    0.126171] futex hash table entries: 256 (order: -1, 3072 bytes)
[    0.133261] NET: Registered protocol family 16

[    0.140925] PCI: Probing PCI hardware
[    0.141917] PCI host bridge to bus 0000:00
[    0.142590] pci_bus 0000:00: root bus resource [io  0x0000-0x7fffff]
[    0.143064] pci_bus 0000:00: root bus resource [mem 0xfd000000-0xfdffffff] (bus address [0x00000000-0x00ffffff])
[    0.143311] pci_bus 0000:00: root bus resource [mem 0x80000000-0x8fffffff]
[    0.143653] pci_bus 0000:00: root bus resource [bus 00-ff]
[    0.187925] vgaarb: setting as boot device: PCI:0000:00:01.0
[    0.188195] vgaarb: device added: PCI:0000:00:01.0,decodes=io+mem,owns=io+mem,locks=none
[    0.188414] vgaarb: loaded
[    0.188518] vgaarb: bridge control possible 0000:00:01.0
[    0.190101] SCSI subsystem initialized
[    0.196736] Switched to clocksource timebase
[    0.240749] NET: Registered protocol family 2
[    0.245543] TCP established hash table entries: 1024 (order: 0, 4096 bytes)
[    0.245926] TCP bind hash table entries: 1024 (order: 0, 4096 bytes)
[    0.246203] TCP: Hash tables configured (established 1024 bind 1024)
[    0.247009] TCP: reno registered
[    0.247152] UDP hash table entries: 256 (order: 0, 4096 bytes)
[    0.247436] UDP-Lite hash table entries: 256 (order: 0, 4096 bytes)
[    0.248984] NET: Registered protocol family 1
[    0.253741] Unpacking initramfs...
[    1.378809] Freeing initrd memory: 13848K (c0e30000 - c1bb6000)
[    1.380013] Thermal assist unit using timers, shrink_timer: 500 jiffies
[    1.383904] audit: initializing netlink subsys (disabled)
[    1.384834] audit: type=2000 audit(1505891618.316:1): initialized
[    1.406636] zbud: loaded
[    1.410428] VFS: Disk quotas dquot_6.5.2
[    1.410814] Dquot-cache hash table entries: 1024 (order 0, 4096 bytes)
[    1.412956] msgmni has been set to 237
[    1.426577] alg: No test for stdrng (krng)
[    1.427257] Block layer SCSI generic (bsg) driver version 0.4 loaded (major 252)
[    1.428892] io scheduler noop registered
[    1.429038] io scheduler deadline registered
[    1.429495] io scheduler cfq registered (default)
[    1.434681] Using unsupported 800x600 QEMU,VGA at 80000000, depth=32, pitch=3200
[    1.453563] Console: switching to colour frame buffer device 100x37
[    1.460452] fb0: Open Firmware frame buffer device on /pci@80000000/QEMU,VGA@1
[    1.462216] Serial: 8250/16550 driver, 4 ports, IRQ sharing disabled
[    1.466047] pmac_zilog: 0.6 (Benjamin Herrenschmidt <benh@kernel.crashing.org>)
[    1.466379] Serial: MPC52xx PSC UART driver
[    1.466662] Generic non-volatile memory driver v1.1
[    1.467220] Linux agpgart interface v0.103
[    1.468568] MacIO PCI driver attached to Heathrow chipset
[    1.473419] 0.00013020:ch-a: ttyPZ0 at MMIO 0x81093020 (irq = 16, base_baud = 230400) is a Z85c30 ESCC - Serial port
[    1.474611] 0.00013000:ch-b: ttyPZ1 at MMIO 0x81093000 (irq = 17, base_baud = 230400) is a Z85c30 ESCC - Serial port
[    1.476919] Macintosh CUDA driver v0.5 for Unified ADB.
[    1.480058] adb: starting probe task...
[    1.853290] ADB keyboard at 2, handler set to 3
[    1.853686] Detected ADB keyboard, type ANSI.
[    1.855161] input: ADB keyboard as /devices/virtual/input/input0
[    2.006043] ADB mouse at 3, handler set to 2
[    2.006722] input: ADB mouse as /devices/virtual/input/input1
[    2.007004] adb: finished probe task...
[    2.507467] pata-macio 0.00020000:ata-3: Activating pata-macio chipset Heathrow ATA, Apple bus ID 0
[    2.512908] scsi0 : pata_macio
[    2.514125] ata1: PATA max MWDMA2 irq 19
[    2.681540] ata1.00: ATA-7: QEMU HARDDISK, 2.5+, max UDMA/100
[    2.681835] ata1.00: 20971520 sectors, multi 16: LBA48
[    2.683248] ata1.00: configured for MWDMA2
[    2.696212] scsi 0:0:0:0: Direct-Access     ATA      QEMU HARDDISK    2.5+ PQ: 0 ANSI: 5
[    3.534460] pata-macio 0.00021000:ata-3: Activating pata-macio chipset Heathrow ATA, Apple bus ID 1
[    3.537659] scsi1 : pata_macio
[    3.538526] ata2: PATA max MWDMA2 irq 22
[    3.540573] mousedev: PS/2 mouse device common for all mice
[    3.556101] rtc-generic rtc-generic: rtc core: registered rtc-generic as rtc0
[    3.556814] ledtrig-cpu: registered to indicate activity on CPUs
[    3.557929] TCP: cubic registered
[    3.558383] NET: Registered protocol family 10
[    3.564650] mip6: Mobile IPv6
[    3.564835] NET: Registered protocol family 17
[    3.565048] mpls_gso: MPLS GSO support
[    3.567279] registered taskstats version 1
[    3.585839] rtc-generic rtc-generic: setting system clock to 2017-09-20 07:13:41 UTC (1505891621)
[    3.695445] ata2.00: ATAPI: QEMU DVD-ROM, 2.5+, max UDMA/100
[    3.696069] ata2.00: configured for MWDMA2
[    3.698715] scsi 1:0:0:0: CD-ROM            QEMU     QEMU DVD-ROM     2.5+ PQ: 0 ANSI: 5
[    3.709791] Freeing unused kernel memory: 404K (c0672000 - c06d7000)
Loading, please wait...
[    4.108657] systemd-udevd[56]: starting version 215
[    4.137685] random: systemd-udevd: uninitialized urandom read (16 bytes read, 6 bits of entropy available)
[    4.339743] ne2k-pci.c:v1.03 9/22/2003 D. Becker/P. Gortmaker
[    4.361807] ne2k-pci 0000:00:02.0 eth0: RealTek RTL-8029 found at 0x400, IRQ 23, 52:54:00:12:34:56.
[    4.407190] sd 0:0:0:0: [sda] 20971520 512-byte logical blocks: (10.7 GB/10.0 GiB)
[    4.408757] sd 0:0:0:0: [sda] Write Protect is off
[    4.409224] sd 0:0:0:0: [sda] Write cache: enabled, read cache: enabled, doesn't support DPO or FUA
[    4.453078]  sda: [mac] sda1 sda2 sda3 sda4 sda5
[    4.457334] sr0: scsi3-mmc drive: 4x/4x cd/rw xa/form2 tray
[    4.457634] cdrom: Uniform CD-ROM driver Revision: 3.20
[    4.498852] sd 0:0:0:0: [sda] Attached SCSI disk
[    4.505261] sd 0:0:0:0: Attached scsi generic sg0 type 0
[    4.510554] sr 1:0:0:0: Attached scsi generic sg1 type 5
Begin: Loading essential drivers ... done.
Begin: Running /scripts/init-premount ... done.
Begin: Mounting root file system ... Begin: Running /scripts/local-top ... done.
Begin: Running /scripts/local-premount ... [    5.476001] PM: Starting manual resume from disk
done.
Begin: Will now check root file system ... fsck from util-linux 2.25.2
[/sbin/fsck.ext4 (1) -- /dev/sda3] fsck.ext4 -a -C0 /dev/sda3
/dev/sda3: clean, 33058/617728 files, 238247/2469482 blocks
done.
[    6.202720] EXT4-fs (sda3): mounted filesystem with ordered data mode. Opts: (null)
done.
Begin: Running /scripts/local-bottom ... done.
Begin: Running /scripts/init-bottom ... done.
[    7.000441] random: systemd: uninitialized urandom read (16 bytes read, 123 bits of entropy available)
[    7.020920] systemd[1]: systemd 215 running in system mode. (+PAM +AUDIT +SELINUX +IMA +SYSVINIT +LIBCRYPTSETUP +GCRYPT +ACL +XZ -SECCOMP -APPARMOR)
[    7.024024] systemd[1]: Detected architecture 'ppc'.

Welcome to Debian GNU/Linux 8 (jessie)!

[    7.101619] random: nonblocking pool is initialized
[    7.121145] systemd[1]: Inserted module 'autofs4'
[    7.125803] systemd[1]: Set hostname to <ppc-debian>.
[    7.147868] systemd[1]: /etc/mtab is not a symlink or not pointing to /proc/self/mounts. This is not supported anymore. Please make sure to replace this file by a symlink to avoid incorrect or misleading mount(8) output.
[    8.253697] systemd[1]: Cannot add dependency job for unit display-manager.service, ignoring: Unit display-manager.service failed to load: No such file or directory.
[    8.267448] systemd[1]: Starting Forward Password Requests to Wall Directory Watch.
[    8.270658] systemd[1]: Started Forward Password Requests to Wall Directory Watch.
[    8.271426] systemd[1]: Expecting device dev-ttyPZ0.device...
         Expecting device dev-ttyPZ0.device...
[    8.282530] systemd[1]: Starting Remote File Systems (Pre).
[  OK  ] Reached target Remote File Systems (Pre).
[    8.284762] systemd[1]: Reached target Remote File Systems (Pre).
[    8.285564] systemd[1]: Starting Dispatch Password Requests to Console Directory Watch.
[    8.286455] systemd[1]: Started Dispatch Password Requests to Console Directory Watch.
[    8.286758] systemd[1]: Starting Paths.
[  OK  ] Reached target Paths.
[    8.288187] systemd[1]: Reached target Paths.
[    8.288453] systemd[1]: Starting Encrypted Volumes.
[  OK  ] Reached target Encrypted Volumes.
[    8.290464] systemd[1]: Reached target Encrypted Volumes.
[    8.291534] systemd[1]: Starting Arbitrary Executable File Formats File System Automount Point.
[  OK  ] Set up automount Arbitrary Executable File Formats F...utomount Point.
[    8.299499] systemd[1]: Set up automount Arbitrary Executable File Formats File System Automount Point.
[    8.299945] systemd[1]: Expecting device dev-disk-by\x2duuid-4e1fa0fd\x2df5f1\x2d4d76\x2d88e3\x2d7e3906c949c6.device...
         Expecting device dev-disk-by\x2duuid-4e1fa0fd\x2df5f...949c6.device...
[    8.302388] systemd[1]: Expecting device dev-disk-by\x2duuid-a353a41d\x2d6c0e\x2d425e\x2da83a\x2dddabb881895f.device...
         Expecting device dev-disk-by\x2duuid-a353a41d\x2d6c0...1895f.device...
[    8.321970] systemd[1]: Starting Root Slice.
[  OK  ] Created slice Root Slice.
[    8.324734] systemd[1]: Created slice Root Slice.
[    8.325115] systemd[1]: Starting User and Session Slice.
[  OK  ] Created slice User and Session Slice.
[    8.329752] systemd[1]: Created slice User and Session Slice.
[    8.330099] systemd[1]: Starting /dev/initctl Compatibility Named Pipe.
[  OK  ] Listening on /dev/initctl Compatibility Named Pipe.
[    8.334375] systemd[1]: Listening on /dev/initctl Compatibility Named Pipe.
[    8.334745] systemd[1]: Starting Delayed Shutdown Socket.
[  OK  ] Listening on Delayed Shutdown Socket.
[    8.337490] systemd[1]: Listening on Delayed Shutdown Socket.
[    8.337858] systemd[1]: Starting Journal Socket (/dev/log).
[  OK  ] Listening on Journal Socket (/dev/log).
[    8.339975] systemd[1]: Listening on Journal Socket (/dev/log).
[    8.340337] systemd[1]: Starting udev Control Socket.
[  OK  ] Listening on udev Control Socket.
[    8.342936] systemd[1]: Listening on udev Control Socket.
[    8.343304] systemd[1]: Starting udev Kernel Socket.
[  OK  ] Listening on udev Kernel Socket.
[    8.346102] systemd[1]: Listening on udev Kernel Socket.
[    8.346424] systemd[1]: Starting Journal Socket.
[  OK  ] Listening on Journal Socket.
[    8.348561] systemd[1]: Listening on Journal Socket.
[    8.348909] systemd[1]: Starting System Slice.
[  OK  ] Created slice System Slice.
[    8.351257] systemd[1]: Created slice System Slice.
[    8.351646] systemd[1]: Started File System Check on Root Device.
[    8.369389] systemd[1]: Starting system-systemd\x2dfsck.slice.
[  OK  ] Created slice system-systemd\x2dfsck.slice.
[    8.373044] systemd[1]: Created slice system-systemd\x2dfsck.slice.
[    8.373386] systemd[1]: Starting system-getty.slice.
[  OK  ] Created slice system-getty.slice.
[    8.376545] systemd[1]: Created slice system-getty.slice.
[    8.376857] systemd[1]: Starting system-serial\x2dgetty.slice.
[  OK  ] Created slice system-serial\x2dgetty.slice.
[    8.379967] systemd[1]: Created slice system-serial\x2dgetty.slice.
[    8.380647] systemd[1]: Starting Increase datagram queue length...
         Starting Increase datagram queue length...
[    8.422731] systemd[1]: Mounting POSIX Message Queue File System...
         Mounting POSIX Message Queue File System...
[    8.461584] systemd[1]: Mounted Huge Pages File System.
[    8.478284] systemd[1]: Starting Load Kernel Modules...
         Starting Load Kernel Modules...
[    8.519852] systemd[1]: Started Set Up Additional Binary Formats.
[    8.521021] systemd[1]: Starting Create list of required static device nodes for the current kernel...
         Starting Create list of required static device nodes...rrent kernel...
[    8.562814] systemd[1]: Mounting Debug File System...
         Mounting Debug File System...
[    8.614194] systemd[1]: Starting udev Coldplug all Devices...
         Starting udev Coldplug all Devices...
[    8.687609] systemd[1]: Starting Slices.
[  OK  ] Reached target Slices.
[    8.703118] systemd[1]: Reached target Slices.
[  OK  ] Mounted POSIX Message Queue File System.
[    8.810461] systemd[1]: Mounted POSIX Message Queue File System.
[  OK  ] Started Increase datagram queue length.
[    8.882381] systemd[1]: Started Increase datagram queue length.
[  OK  ] Started Load Kernel Modules.
[    8.973374] systemd[1]: Started Load Kernel Modules.
[  OK  ] Started Create list of required static device nodes ...current kernel.
[    8.997485] systemd[1]: Started Create list of required static device nodes for the current kernel.
[  OK  ] Mounted Debug File System.
[    9.033258] systemd[1]: Mounted Debug File System.
[  OK  ] Started udev Coldplug all Devices.
[    9.649751] systemd[1]: Started udev Coldplug all Devices.
[    9.722140] systemd[1]: Starting Create Static Device Nodes in /dev...
         Starting Create Static Device Nodes in /dev...
[    9.738949] systemd[1]: Starting Apply Kernel Variables...
         Starting Apply Kernel Variables...
[    9.761639] systemd[1]: Mounted FUSE Control File System.
[    9.767193] systemd[1]: Mounted Configuration File System.
[    9.767744] systemd[1]: Starting Syslog Socket.
[  OK  ] Listening on Syslog Socket.
[    9.787032] systemd[1]: Listening on Syslog Socket.
[    9.787804] systemd[1]: Starting Journal Service...
         Starting Journal Service...
[  OK  ] Started Journal Service.
[    9.836616] systemd[1]: Started Journal Service.
[  OK  ] Started Apply Kernel Variables.
[  OK  ] Started Create Static Device Nodes in /dev.
         Starting udev Kernel Device Manager...
[  OK  ] Started udev Kernel Device Manager.
         Starting Copy rules generated while the root was ro...
[   10.411534] systemd-udevd[137]: starting version 215
         Starting LSB: Set preliminary keymap...
[  OK  ] Started Copy rules generated while the root was ro.
[  OK  ] Found device Heathrow Mac I/O.
[   12.308558] [drm] Initialized drm 1.1.0 20060810
[   12.950841] fb: switching to bochsdrmfb from OFfb QEMU,VGA
[   12.952681] Console: switching to colour dummy device 80x25
[   13.063039] [drm] Found bochs VGA, ID 0xb0c5.
[   13.063199] [drm] Framebuffer size 16384 kB @ 0x80000000, mmio @ 0x81000000.
[   13.125305] [TTM] Zone  kernel: Available graphics memory: 61078 kiB
[   13.125599] [TTM] Initializing pool allocator
[   13.731470] Console: switching to colour frame buffer device 128x48
[   13.829025] bochs-drm 0000:00:01.0: fb0: bochsdrmfb frame buffer device
[   13.829224] bochs-drm 0000:00:01.0: registered panic notifier
[   13.829608] [drm] Initialized bochs-drm 1.0.0 20130925 for 0000:00:01.0 on minor 0
[  OK  ] Found device QEMU_HARDDISK swap.
[  OK  ] Found device QEMU_HARDDISK untitled.
         Starting File System Check on /dev/disk/by-uuid/a353...ddabb881895f...
         Activating swap /dev/disk/by-uuid/4e1fa0fd-f5f1-4d76...7e3906c949c6...
[  OK  ] Created slice system-ifup.slice.
[   15.439720] Adding 357792k swap on /dev/sda4.  Priority:-1 extents:1 across:357792k FS
[  OK  ] Activated swap /dev/disk/by-uuid/4e1fa0fd-f5f1-4d76-88e3-7e3906c949c6.
[  OK  ] Started File System Check on /dev/disk/by-uuid/a353a...a-ddabb881895f.
[  OK  ] Reached target Swap.
[  OK  ] Started LSB: Set preliminary keymap.
         Starting Remount Root and Kernel File Systems...
[   17.385088] EXT4-fs (sda3): re-mounted. Opts: errors=remount-ro
[  OK  ] Started Remount Root and Kernel File Systems.
         Starting Various fixups to make systemd work better on Debian...
         Starting Load/Save Random Seed...
[  OK  ] Reached target Local File Systems (Pre).
         Mounting /boot...
[  OK  ] Started Load/Save Random Seed.
[   18.314914] EXT4-fs (sda2): mounting ext2 file system using the ext4 subsystem
[  OK  ] Started Various fixups to make systemd work better on Debian.[   18.475442] EXT4-fs (sda2): mounted filesystem without journal. Opts: (null)

[  OK  ] Mounted /boot.
[  OK  ] Reached target Local File Systems.
         Starting Create Volatile Files and Directories...
         Starting LSB: Raise network interfaces....
[  OK  ] Reached target Remote File Systems.
         Starting Trigger Flushing of Journal to Persistent Storage...
         Starting LSB: Prepare console...
[   19.231219] systemd-journald[133]: Received request to flush runtime journal from PID 1
[  OK  ] Started Trigger Flushing of Journal to Persistent Storage.
[  OK  ] Started Create Volatile Files and Directories.
         Starting Update UTMP about System Boot/Shutdown...
[  OK  ] Started Update UTMP about System Boot/Shutdown.
[  OK  ] Started LSB: Prepare console.
         Starting LSB: Set console font and keymap...
[  OK  ] Started LSB: Raise network interfaces..
         Starting ifup for eth0...
[  OK  ] Started ifup for eth0.
[  OK  ] Reached target Network.
[  OK  ] Reached target Network is Online.
         Starting LSB: RPC portmapper replacement...
[  OK  ] Started LSB: RPC portmapper replacement.
[  OK  ] Reached target RPC Port Mapper.
         Starting LSB: NFS support files common to client and server...
[  OK  ] Started LSB: Set console font and keymap.
[   32.502476] RPC: Registered named UNIX socket transport module.
[   32.506532] RPC: Registered udp transport module.
[   32.506925] RPC: Registered tcp transport module.
[   32.507123] RPC: Registered tcp NFSv4.1 backchannel transport module.
[   32.902776] FS-Cache: Loaded
[   32.966832] FS-Cache: Netfs 'nfs' registered for caching
[   33.137462] Installing knfsd (copyright (C) 1996 okir@monad.swb.de).
[  OK  ] Started LSB: NFS support files common to client and server.
[  OK  ] Reached target System Initialization.
[  OK  ] Listening on D-Bus System Message Bus Socket.
[  OK  ] Reached target Sockets.
[  OK  ] Reached target Timers.
[  OK  ] Reached target Basic System.
         Starting Deferred execution scheduler...
[  OK  ] Started Deferred execution scheduler.
         Starting Regular background program processing daemon...
[  OK  ] Started Regular background program processing daemon.
         Starting /etc/rc.local Compatibility...
         Starting Login Service...
         Starting LSB: Emulate mouse buttons and mouse wheel...
         Starting LSB: exim Mail Transport Agent...
         Starting D-Bus System Message Bus...
[  OK  ] Started D-Bus System Message Bus.
         Starting System Logging Service...
         Starting Permit User Sessions...
[  OK  ] Started /etc/rc.local Compatibility.
[  OK  ] Started Permit User Sessions.
         Starting Getty on tty1...
[  OK  ] Started Getty on tty1.
         Starting Serial Getty on ttyPZ0...
[  OK  ] Started Serial Getty on ttyPZ0.
[  OK  ] Reached target Login Prompts.
[  OK  ] Started System Logging Service.
[  OK  ] Started LSB: Emulate mouse buttons and mouse wheel.
[  OK  ] Started Login Service.
[   38.283882] input: Mouseemu virtual keyboard as /devices/virtual/input/input2
[   38.330387] input: Mouseemu virtual mouse as /devices/virtual/input/input3

Debian GNU/Linux 8 ppc-debian ttyPZ0

ppc-debian login: rubenerd
Password:
Linux ppc-debian 3.16.0-4-powerpc #1 Debian 3.16.43-2+deb8u3 (2017-08-15) ppc

The programs included with the Debian GNU/Linux system are free software;
the exact distribution terms for each program are described in the
individual files in /usr/share/doc/*/copyright.

Debian GNU/Linux comes with ABSOLUTELY NO WARRANTY, to the extent
permitted by applicable law.
rubenerd@ppc-debian:~$ uname -a
Linux ppc-debian 3.16.0-4-powerpc #1 Debian 3.16.43-2+deb8u3 (2017-08-15) ppc GNU/Linux
rubenerd@ppc-debian:~$