Config file read, 1449 bytes

Welcome to Debian GNU/Linux jessie!

This is a Debian installation CDROM,
built on 20170723-13:14.


Enter one of the following options to begin:

install     64-bit processor (G5 or POWER3/4/5/6/7)
install32   32-bit processor (G4 or earlier)

Press TAB for a full list of options.


If the system fails to boot with a white screen
which doesn't go away, add 'video=ofonly'.



Welcome to yaboot version 1.3.16
Enter "help" to get some basic usage information

WARNING: Bootstrap partition type is wrong: "Apple_HFS"
         type should be: "Apple_Bootstrap"

boot: install32
Please wait, loading kernel...
   Elf32 kernel loaded...
Loading ramdisk...
ramdisk loaded at 01600000, size: 5540 Kbytes
OF stdout device is: /pci@80000000/mac-io@3/escc@13000/ch-a@13020
Preparing to boot Linux version 3.16.0-4-powerpc (debian-kernel@lists.debian.org) (gcc version 4.8.4 (Debian 4.8.4-1) ) #1 Debian 3.16.43-2+deb8u2 (2017-06-26)
Detected machine type: 00000400
command line: console=ttyS0,9600 console=tty0
memory layout at init:
  memory_limit : 00000000 (16 MB aligned)
  alloc_bottom : 01b6a000
  alloc_top    : 08000000
  alloc_top_hi : 08000000
  rmo_top      : 08000000
  ram_top      : 08000000
found display   : /pci@80000000/QEMU,VGA@1, opening... done
copying OF device tree...
Building dt strings...
Building dt structure...
Device tree strings 0x01c6b000 -> 0x01c6b59a
Device tree struct  0x01c6c000 -> 0x01c6f000
Calling quiesce...
returning from prom_init
Hello World !
[    0.000000] Using PowerMac machine description
[    0.000000] Total memory = 128MB; using 256kB for hash table (at c7fc0000)
[    0.000000] Initializing cgroup subsys cpuset
[    0.000000] Initializing cgroup subsys cpu
[    0.000000] Initializing cgroup subsys cpuacct
[    0.000000] Linux version 3.16.0-4-powerpc (debian-kernel@lists.debian.org) (gcc version 4.8.4 (Debian 4.8.4-1) ) #1 Debian 3.16.43-2+deb8u2 (2017-06-26)
[    0.000000] Found initrd at 0xc1600000:0xc1b693d6
[    0.000000] Found a Heathrow mac-io controller, rev: 0, mapped at 0xff780000
[    0.000000] PowerMac motherboard: PowerMac G3 (Silk)
[    0.000000] boot stdout isn't a display !
[    0.000000] bootconsole [udbg0] enabled
setup_arch: bootmem
[    0.000000] Found Grackle (MPC106) PCI host bridge at 0x0000000080000000. Firmware bus number: 0->0
[    0.000000] PCI host bridge /pci@80000000 (primary) ranges:
[    0.000000]   IO 0x00000000fe000000..0x00000000fe7fffff -> 0x0000000000000000
[    0.000000]  MEM 0x00000000fd000000..0x00000000fdffffff -> 0x0000000000000000
[    0.000000]  MEM 0x0000000080000000..0x000000008fffffff -> 0x0000000080000000
[    0.000000] nvram: OF partition at 0x1800
[    0.000000] nvram: XP partition at 0x1300
[    0.000000] nvram: NR partition at 0x1400
arch: exit
[    0.000000] Zone ranges:
[    0.000000]   DMA      [mem 0x00000000-0x07ffffff]
[    0.000000]   Normal   empty
[    0.000000]   HighMem  empty
[    0.000000] Movable zone start for each node
[    0.000000] Early memory node ranges
[    0.000000]   node   0: [mem 0x00000000-0x07ffffff]
[    0.000000] Built 1 zonelists in Zone order, mobility grouping on.  Total pages: 32512
[    0.000000] Kernel command line: ro ramdisk_size=10240 desktop=xfce ---
[    0.000000] PID hash table entries: 512 (order: -1, 2048 bytes)
[    0.000000] Dentry cache hash table entries: 16384 (order: 4, 65536 bytes)
[    0.000000] Inode-cache hash table entries: 8192 (order: 3, 32768 bytes)
[    0.000000] Sorting __ex_table...
[    0.000000] Memory: 115188K/131072K available (5156K kernel code, 424K rwdata, 1428K rodata, 404K init, 1403K bss, 15884K reserved, 0K highmem)
[    0.000000] Kernel virtual memory layout:
[    0.000000]   * 0xfffcf000..0xfffff000  : fixmap
[    0.000000]   * 0xff800000..0xffc00000  : highmem PTEs
[    0.000000]   * 0xfef5a000..0xff800000  : early ioremap
[    0.000000]   * 0xc9000000..0xfef5a000  : vmalloc & ioremap
[    0.000000] NR_IRQS:512 nr_irqs:512 16
[    0.000000] irq: Found primary Apple PIC /pci@80000000/mac-io@3 for 64 irqs
[    0.000000] irq: System has 64 possible interrupts
[    0.000000] GMT Delta read from XPRAM: 0 minutes, DST: off
[    0.000419] clocksource: timebase mult[3c6c9ae6] shift[24] registered
[    0.004098] Console: colour dummy device 80x25
[    0.008189] console [ttyPZ0] enabled
[    0.008189] console [ttyPZ0] enabled
[    0.008670] bootconsole [udbg0] disabled
[    0.008670] bootconsole [udbg0] disabled
[    0.009541] pid_max: default: 32768 minimum: 301
[    0.010241] Security Framework initialized
[    0.013072] AppArmor: AppArmor disabled by boot time parameter
[    0.013293] Yama: disabled by default; enable with sysctl kernel.yama.*
[    0.014384] Mount-cache hash table entries: 1024 (order: 0, 4096 bytes)
[    0.014619] Mountpoint-cache hash table entries: 1024 (order: 0, 4096 bytes)
[    0.022530] Initializing cgroup subsys memory
[    0.022955] Initializing cgroup subsys devices
[    0.023302] Initializing cgroup subsys freezer
[    0.023540] Initializing cgroup subsys net_cls
[    0.023832] Initializing cgroup subsys blkio
[    0.024053] Initializing cgroup subsys perf_event
[    0.024369] Initializing cgroup subsys net_prio
[    0.024980] ftrace: allocating 17985 entries in 53 pages
[    0.132173] devtmpfs: initialized
[    0.137858] futex hash table entries: 256 (order: -1, 3072 bytes)
[    0.145381] NET: Registered protocol family 16

[    0.155862] PCI: Probing PCI hardware
[    0.157209] PCI host bridge to bus 0000:00
[    0.157735] pci_bus 0000:00: root bus resource [io  0x0000-0x7fffff]
[    0.157973] pci_bus 0000:00: root bus resource [mem 0xfd000000-0xfdffffff] (bus address [0x00000000-0x00ffffff])
[    0.158256] pci_bus 0000:00: root bus resource [mem 0x80000000-0x8fffffff]
[    0.158596] pci_bus 0000:00: root bus resource [bus 00-ff]
[    0.204157] vgaarb: setting as boot device: PCI:0000:00:01.0
[    0.204539] vgaarb: device added: PCI:0000:00:01.0,decodes=io+mem,owns=io+mem,locks=none
[    0.204834] vgaarb: loaded
[    0.204926] vgaarb: bridge control possible 0000:00:01.0
[    0.206698] SCSI subsystem initialized
[    0.215852] Switched to clocksource timebase
[    0.269376] NET: Registered protocol family 2
[    0.274093] TCP established hash table entries: 1024 (order: 0, 4096 bytes)
[    0.274419] TCP bind hash table entries: 1024 (order: 0, 4096 bytes)
[    0.274840] TCP: Hash tables configured (established 1024 bind 1024)
[    0.275864] TCP: reno registered
[    0.276095] UDP hash table entries: 256 (order: 0, 4096 bytes)
[    0.276700] UDP-Lite hash table entries: 256 (order: 0, 4096 bytes)
[    0.278623] NET: Registered protocol family 1
[    0.283349] Unpacking initramfs...
[    0.897935] Freeing initrd memory: 5540K (c1600000 - c1b69000)
[    0.899262] Thermal assist unit using timers, shrink_timer: 500 jiffies
[    0.903248] audit: initializing netlink subsys (disabled)
[    0.905159] audit: type=2000 audit(1505886702.840:1): initialized
[    0.910249] zbud: loaded
[    0.911296] VFS: Disk quotas dquot_6.5.2
[    0.911539] Dquot-cache hash table entries: 1024 (order 0, 4096 bytes)
[    0.913617] msgmni has been set to 237
[    0.929854] alg: No test for stdrng (krng)
[    0.930372] Block layer SCSI generic (bsg) driver version 0.4 loaded (major 252)
[    0.931395] io scheduler noop registered
[    0.931626] io scheduler deadline registered
[    0.932272] io scheduler cfq registered (default)
[    0.935559] Using unsupported 800x600 QEMU,VGA at 80000000, depth=32, pitch=3200
[    0.948501] Console: switching to colour frame buffer device 100x37
[    0.956103] fb0: Open Firmware frame buffer device on /pci@80000000/QEMU,VGA@1
[    0.957503] Serial: 8250/16550 driver, 4 ports, IRQ sharing disabled
[    0.960779] pmac_zilog: 0.6 (Benjamin Herrenschmidt <benh@kernel.crashing.org>)
[    0.961212] Serial: MPC52xx PSC UART driver
[    0.962269] Generic non-volatile memory driver v1.1
[    0.963001] Linux agpgart interface v0.103
[    0.964226] MacIO PCI driver attached to Heathrow chipset
[    0.970068] 0.00013020:ch-a: ttyPZ0 at MMIO 0x81093020 (irq = 16, base_baud = 230400) is a Z85c30 ESCC - Serial port
[    0.973426] 0.00013000:ch-b: ttyPZ1 at MMIO 0x81093000 (irq = 17, base_baud = 230400) is a Z85c30 ESCC - Serial port
[    0.975923] Macintosh CUDA driver v0.5 for Unified ADB.
[    0.979565] adb: starting probe task...
[    1.344909] ADB keyboard at 2, handler set to 3
[    1.345439] Detected ADB keyboard, type ANSI.
[    1.347093] input: ADB keyboard as /devices/virtual/input/input0
[    1.494845] ADB mouse at 3, handler set to 2
[    1.495754] input: ADB mouse as /devices/virtual/input/input1
[    1.496528] adb: finished probe task...
[    2.006796] pata-macio 0.00020000:ata-3: Activating pata-macio chipset Heathrow ATA, Apple bus ID 0
[    2.013264] scsi0 : pata_macio
[    2.014530] ata1: PATA max MWDMA2 irq 19
[    2.179675] ata1.00: ATA-7: QEMU HARDDISK, 2.5+, max UDMA/100
[    2.179884] ata1.00: 20971520 sectors, multi 16: LBA48
[    2.181632] ata1.00: configured for MWDMA2
[    2.191356] scsi 0:0:0:0: Direct-Access     ATA      QEMU HARDDISK    2.5+ PQ: 0 ANSI: 5
[    3.032895] pata-macio 0.00021000:ata-3: Activating pata-macio chipset Heathrow ATA, Apple bus ID 1
[    3.036391] scsi1 : pata_macio
[    3.037276] ata2: PATA max MWDMA2 irq 22
[    3.039475] mousedev: PS/2 mouse device common for all mice
[    3.055145] rtc-generic rtc-generic: rtc core: registered rtc-generic as rtc0
[    3.055951] ledtrig-cpu: registered to indicate activity on CPUs
[    3.056910] TCP: cubic registered
[    3.057265] NET: Registered protocol family 10
[    3.062647] mip6: Mobile IPv6
[    3.063023] NET: Registered protocol family 17
[    3.063373] mpls_gso: MPLS GSO support
[    3.065543] registered taskstats version 1
[    3.084857] rtc-generic rtc-generic: setting system clock to 2017-09-20 05:51:46 UTC (1505886706)
[    3.194364] ata2.00: ATAPI: QEMU DVD-ROM, 2.5+, max UDMA/100
[    3.195375] ata2.00: configured for MWDMA2
[    3.198765] scsi 1:0:0:0: CD-ROM            QEMU     QEMU DVD-ROM     2.5+ PQ: 0 ANSI: 5
[    3.227762] Freeing unused kernel memory: 404K (c0672000 - c06d7000)
[    3.518567] systemd-udevd[45]: starting version 215
[    3.549344] random: systemd-udevd: uninitialized urandom read (16 bytes read, 6 bits of entropy available)
[    3.880630] sr0: scsi3-mmc drive: 4x/4x cd/rw xa/form2 tray
[    3.881056] cdrom: Uniform CD-ROM driver Revision: 3.20
[    3.934239] scsi 0:0:0:0: Attached scsi generic sg0 type 0
[    3.934982] sr 1:0:0:0: Attached scsi generic sg1 type 5
[    4.406284] sd 0:0:0:0: [sda] 20971520 512-byte logical blocks: (10.7 GB/10.0 GiB)
[    4.422087] sd 0:0:0:0: [sda] Write Protect is off
[    4.433037] sd 0:0:0:0: [sda] Write cache: enabled, read cache: enabled, doesn't support DPO or FUA
[    4.509900]  sda: unknown partition table
[    4.540935] sd 0:0:0:0: [sda] Attached SCSI disk
Starting system log daemon: syslogd, klogd.